// Jest Snapshot v1, https://goo.gl/fbAQLP

exports[`OpeningForm component renders UI as expected 1`] = `
<div
  className="form-container"
>
  <div
    className="opening-form"
  >
    <form
      className="flow-form"
      onSubmit={[Function]}
    >
      <div
        className="form-small-container"
      >
        <h3>
          Starting new flow?
        </h3>
        <input
          className="form__field"
          id="newFlowName"
          name="name"
          placeholder="new flow name"
          required={true}
          type="input"
        />
      </div>
      <div
        className="button-container"
      >
        <button
          className="enter-button"
          type="submit"
        >
          enter flow
        </button>
      </div>
    </form>
  </div>
</div>
`;
