// Jest Snapshot v1, https://goo.gl/fbAQLP

exports[`RegisterForm component renders UI as expected 1`] = `
<div
  className="login"
>
  <div
    className="error"
  />
  <form
    onSubmit={[Function]}
  >
    <div
      className="section"
    >
      <input
        name="full_name"
        onClick={[Function]}
        placeholder="full name"
        type="text"
      />
    </div>
    <div
      className="section"
    >
      <input
        name="user_name"
        onClick={[Function]}
        placeholder="username"
        required={true}
        type="text"
      />
    </div>
    <div
      className="section"
    >
      <input
        name="password"
        onClick={[Function]}
        placeholder="password"
        required={true}
        type="password"
      />
    </div>
    <button
      className="login-button"
      onClick={[Function]}
      type="reset"
    >
      Cancel
    </button>
    <button
      className="login-button"
      type="submit"
    >
      Submit
    </button>
  </form>
</div>
`;
