// Jest Snapshot v1, https://goo.gl/fbAQLP

exports[`PoseFullCard component renders UI as expected 1`] = `
<div>
  <h3 />
  <h3 />
  <p />
  <p />
  <p />
  <img />
  <iframe
    allow="accelerometer; autoplay; encrypted-media; gyroscope; picture-in-picture"
    allowFullScreen={true}
    frameBorder="0"
    height="315"
    width="560"
  />
  <form
    onSubmit={[Function]}
  >
    <h3>
      Pick attributes:
    </h3>
    <label>
      Grounding pose
    </label>
    <input
      name="grounding-pose"
      onClick={[Function]}
      type="checkbox"
    />
    <br />
    <label>
      Cooling pose
    </label>
    <input
      name="cooling-pose"
      onClick={[Function]}
      type="checkbox"
    />
    <br />
    <label>
      Heat rising pose
    </label>
    <input
      name="heat-rising-pose"
      onClick={[Function]}
      type="checkbox"
    />
    <br />
    <label>
      Energizing pose
    </label>
    <input
      name="energizing-pose"
      onClick={[Function]}
      type="checkbox"
    />
    <br />
    <label>
      Strengthening pose
    </label>
    <input
      name="strengthening-pose"
      onClick={[Function]}
      type="checkbox"
    />
    <br />
    <label>
      Relaxing pose
    </label>
    <input
      name="relaxing-pose"
      onClick={[Function]}
      type="checkbox"
    />
    <br />
    <label>
      Releasing preassure pose
    </label>
    <input
      name="releasing-pose"
      onClick={[Function]}
      type="checkbox"
    />
    <br />
    <label>
      Stabilizing pose
    </label>
    <input
      name="stabilizing-pose"
      onClick={[Function]}
      type="checkbox"
    />
    <br />
    <label>
      Flexcibility building pose
    </label>
    <input
      name="flexibility-pose"
      onClick={[Function]}
      type="checkbox"
    />
    <br />
    <br />
    <select
      name="flow-menu"
      onChange={[Function]}
    >
      <option
        value="none"
      >
        Save to my flow as:
      </option>
      <option
        value="1"
      >
        warm up pose
      </option>
      <option
        value="3"
      >
        break pose
      </option>
      <option
        value="4"
      >
        peak pose
      </option>
      <option
        value="2"
      >
         mid-flow pose
      </option>
      <option
        value="5"
      >
         after-peak stabilizing pose
      </option>
    </select>
    <br />
    <h3>
      Notes
    </h3>
    <textarea
      cols="50"
      onChange={[Function]}
      rows="10"
      value=""
    />
    <br />
    <button
      type="submit"
    >
      Submit
    </button>
  </form>
</div>
`;
